// Jest Snapshot v1, https://goo.gl/fbAQLP

exports[`PriceHeader should render 1`] = `
<article
  className="TotalPrice"
>
  <h2
    className="TotalPrice__Title"
  >
    Total
  </h2>
  <span
    className="TotalPrice__Value"
  >
    100
     â‚¬
  </span>
</article>
`;
